I'm sorry, but errors were detected in your script. Please correct the
errors listed below, and try again.


File "game/part2.rpy", line 29: end of line expected.
    if renpy.get_screen(say, 1): --jajda
                                 ^

Ren'Py Version: Ren'Py 8.1.1.23060707
Fri Jul 28 11:42:36 2023
